[    0.000000] Initializing cgroup subsys cpuset
[    0.000000] Initializing cgroup subsys cpu
[    0.000000] Initializing cgroup subsys cpuacct
[    0.000000] Linux version 4.4.0-193-generic (buildd@lgw01-amd64-024) (gcc version 5.4.0 20160609 (Ubuntu 5.4.0-6ubuntu1~16.04.12) ) #224-Ubuntu SMP Tue Oct 6 17:15:28 UTC 2020 (Ubuntu 4.4.0-193.224-generic 4.4.236)
[    0.000000] Command line: BOOT_IMAGE=/boot/vmlinuz-4.4.0-193-generic root=UUID=ad3950fd-74cb-4218-8f4b-685c384bbe57 ro console=tty1 console=ttyS0
[    0.000000] KERNEL supported cpus:
[    0.000000]   Intel GenuineIntel
[    0.000000]   AMD AuthenticAMD
[    0.000000]   Centaur CentaurHauls
[    0.000000] x86/fpu: Legacy x87 FPU detected.
[    0.000000] e820: BIOS-provided physical RAM map:
[    0.000000] BIOS-e820: [mem 0x0000000000000000-0x000000000009fbff] usable
[    0.000000] BIOS-e820: [mem 0x000000000009fc00-0x000000000009ffff] reserved
[    0.000000] BIOS-e820: [mem 0x00000000000f0000-0x00000000000fffff] reserved
[    0.000000] BIOS-e820: [mem 0x0000000000100000-0x000000003ffeffff] usable
[    0.000000] BIOS-e820: [mem 0x000000003fff0000-0x000000003fffffff] ACPI data
[    0.000000] BIOS-e820: [mem 0x00000000fec00000-0x00000000fec00fff] reserved
[    0.000000] BIOS-e820: [mem 0x00000000fee00000-0x00000000fee00fff] reserved
[    0.000000] BIOS-e820: [mem 0x00000000fffc0000-0x00000000ffffffff] reserved
[    0.000000] NX (Execute Disable) protection: active
[    0.000000] SMBIOS 2.5 present.
[    0.000000] Hypervisor detected: KVM
[    0.000000] e820: last_pfn = 0x3fff0 max_arch_pfn = 0x400000000
[    0.000000] MTRR: Disabled
[    0.000000] x86/PAT: MTRRs disabled, skipping PAT initialization too.
[    0.000000] CPU MTRRs all blank - virtualized system.
[    0.000000] x86/PAT: Configuration [0-7]: WB  WT  UC- UC  WB  WT  UC- UC  
[    0.000000] found SMP MP-table at [mem 0x0009fff0-0x0009ffff] mapped at [ffff88000009fff0]
[    0.000000] Scanning 1 areas for low memory corruption
[    0.000000] RAMDISK: [mem 0x362e2000-0x37168fff]
[    0.000000] ACPI: Early table checksum verification disabled
[    0.000000] ACPI: RSDP 0x00000000000E0000 000024 (v02 VBOX  )
[    0.000000] ACPI: XSDT 0x000000003FFF0030 00003C (v01 VBOX   VBOXXSDT 00000001 ASL  00000061)
[    0.000000] ACPI: FACP 0x000000003FFF00F0 0000F4 (v04 VBOX   VBOXFACP 00000001 ASL  00000061)
[    0.000000] ACPI: DSDT 0x000000003FFF0470 002325 (v02 VBOX   VBOXBIOS 00000002 INTL 20100528)
[    0.000000] ACPI: FACS 0x000000003FFF0200 000040
[    0.000000] ACPI: FACS 0x000000003FFF0200 000040
[    0.000000] ACPI: APIC 0x000000003FFF0240 00005C (v02 VBOX   VBOXAPIC 00000001 ASL  00000061)
[    0.000000] ACPI: SSDT 0x000000003FFF02A0 0001CC (v01 VBOX   VBOXCPUT 00000002 INTL 20100528)
[    0.000000] No NUMA configuration found
[    0.000000] Faking a node at [mem 0x0000000000000000-0x000000003ffeffff]
[    0.000000] NODE_DATA(0) allocated [mem 0x3ffeb000-0x3ffeffff]
[    0.000000] kvm-clock: Using msrs 4b564d01 and 4b564d00
[    0.000000] kvm-clock: cpu 0, msr 0:3ffe3001, primary cpu clock
[    0.000000] kvm-clock: using sched offset of 5133063558 cycles
[    0.000000] clocksource: kvm-clock: mask: 0xffffffffffffffff max_cycles: 0x1cd42e4dffb, max_idle_ns: 881590591483 ns
[    0.000000] Zone ranges:
[    0.000000]   DMA      [mem 0x0000000000001000-0x0000000000ffffff]
[    0.000000]   DMA32    [mem 0x0000000001000000-0x000000003ffeffff]
[    0.000000]   Normal   empty
[    0.000000]   Device   empty
[    0.000000] Movable zone start for each node
[    0.000000] Early memory node ranges
[    0.000000]   node   0: [mem 0x0000000000001000-0x000000000009efff]
[    0.000000]   node   0: [mem 0x0000000000100000-0x000000003ffeffff]
[    0.000000] Initmem setup node 0 [mem 0x0000000000001000-0x000000003ffeffff]
[    0.000000] ACPI: PM-Timer IO Port: 0x4008
[    0.000000] IOAPIC[0]: apic_id 2, version 32, address 0xfec00000, GSI 0-23
[    0.000000] ACPI: INT_SRC_OVR (bus 0 bus_irq 0 global_irq 2 dfl dfl)
[    0.000000] ACPI: INT_SRC_OVR (bus 0 bus_irq 9 global_irq 9 low level)
[    0.000000] Using ACPI (MADT) for SMP configuration information
[    0.000000] smpboot: Allowing 2 CPUs, 0 hotplug CPUs
[    0.000000] PM: Registered nosave memory: [mem 0x00000000-0x00000fff]
[    0.000000] PM: Registered nosave memory: [mem 0x0009f000-0x0009ffff]
[    0.000000] PM: Registered nosave memory: [mem 0x000a0000-0x000effff]
[    0.000000] PM: Registered nosave memory: [mem 0x000f0000-0x000fffff]
[    0.000000] e820: [mem 0x40000000-0xfebfffff] available for PCI devices
[    0.000000] Booting paravirtualized kernel on KVM
[    0.000000] clocksource: refined-jiffies: mask: 0xffffffff max_cycles: 0xffffffff, max_idle_ns: 7645519600211568 ns
[    0.000000] setup_percpu: NR_CPUS:512 nr_cpumask_bits:512 nr_cpu_ids:2 nr_node_ids:1
[    0.000000] PERCPU: Embedded 33 pages/cpu @ffff88003fc00000 s95512 r8192 d31464 u1048576
[    0.000000] Built 1 zonelists in Node order, mobility grouping on.  Total pages: 257912
[    0.000000] Policy zone: DMA32
[    0.000000] Kernel command line: BOOT_IMAGE=/boot/vmlinuz-4.4.0-193-generic root=UUID=ad3950fd-74cb-4218-8f4b-685c384bbe57 ro console=tty1 console=ttyS0
[    0.000000] PID hash table entries: 4096 (order: 3, 32768 bytes)
[    0.000000] Memory: 997668K/1048120K available (8640K kernel code, 1337K rwdata, 4040K rodata, 1492K init, 1296K bss, 50452K reserved, 0K cma-reserved)
[    0.000000] SLUB: HWalign=64, Order=0-3, MinObjects=0, CPUs=2, Nodes=1
[    0.000000] Kernel/User page tables isolation: enabled
[    0.000000] Hierarchical RCU implementation.
[    0.000000] 	Build-time adjustment of leaf fanout to 64.
[    0.000000] 	RCU restricting CPUs from NR_CPUS=512 to nr_cpu_ids=2.
[    0.000000] RCU: Adjusting geometry for rcu_fanout_leaf=64, nr_cpu_ids=2
[    0.000000] NR_IRQS:33024 nr_irqs:440 16
[    0.000000] Console: colour VGA+ 80x25
[    0.000000] console [tty1] enabled
[    0.000000] console [ttyS0] enabled
[    0.000000] tsc: Detected 2208.006 MHz processor
[    0.803619] Calibrating delay loop (skipped) preset value.. 4416.01 BogoMIPS (lpj=8832024)
[    0.814574] pid_max: default: 32768 minimum: 301
[    0.821087] ACPI: Core revision 20150930
[    0.828607] ACPI: 2 ACPI AML tables successfully acquired and loaded
[    0.839932] Security Framework initialized
[    0.847849] Yama: becoming mindful.
[    0.852971] AppArmor: AppArmor initialized
[    0.859489] Dentry cache hash table entries: 131072 (order: 8, 1048576 bytes)
[    0.876621] Inode-cache hash table entries: 65536 (order: 7, 524288 bytes)
[    0.889809] Mount-cache hash table entries: 2048 (order: 2, 16384 bytes)
[    0.902491] Mountpoint-cache hash table entries: 2048 (order: 2, 16384 bytes)
[    0.916238] Initializing cgroup subsys io
[    0.921294] Initializing cgroup subsys memory
[    0.927472] Initializing cgroup subsys devices
[    0.931883] Initializing cgroup subsys freezer
[    0.937604] Initializing cgroup subsys net_cls
[    0.943362] Initializing cgroup subsys perf_event
[    0.949587] Initializing cgroup subsys net_prio
[    0.955279] Initializing cgroup subsys hugetlb
[    0.960420] Initializing cgroup subsys pids
[    0.968239] mce: CPU supports 0 MCE banks
[    0.973790] Last level iTLB entries: 4KB 64, 2MB 8, 4MB 8
[    0.978954] Last level dTLB entries: 4KB 64, 2MB 0, 4MB 0, 1GB 4
[    0.984771] Spectre V1 : Mitigation: usercopy/swapgs barriers and __user pointer sanitization
[    0.994058] Spectre V2 : Mitigation: Full generic retpoline
[    1.000451] Spectre V2 : Spectre v2 / SpectreRSB mitigation: Filling RSB on context switch
[    1.011062] Speculative Store Bypass: Vulnerable
[    1.016353] MDS: Mitigation: Clear CPU buffers
[    1.048622] Freeing SMP alternatives memory: 36K
[    1.120588] ftrace: allocating 32346 entries in 127 pages
[    1.909953] smpboot: APIC(0) Converting physical 0 to logical package 0
[    1.919389] smpboot: Max logical packages: 1
[    1.946808] ..TIMER: vector=0x30 apic1=0 pin1=2 apic2=-1 pin2=-1
[    2.065070] smpboot: CPU0: Intel(R) Core(TM) i7-8750H CPU @ 2.20GHz (family: 0x6, model: 0x9e, stepping: 0xa)
[    2.089871] Performance Events: unsupported p6 CPU model 158 no PMU driver, software events only.
[    2.169957] KVM setup paravirtual spinlock
[    2.177977] x86: Booting SMP configuration:
[    2.184253] .... node  #0, CPUs:      #1
[    2.190029] kvm-clock: cpu 1, msr 0:3ffe3041, secondary cpu clock
[    2.194555] mce: CPU supports 0 MCE banks
[    2.197806] TSC synchronization [CPU#0 -> CPU#1]:
[    2.203371] Measured 63783 cycles TSC warp between CPUs, turning off TSC clock.
[    2.210669] tsc: Marking TSC unstable due to check_tsc_sync_source failed
[    0.517155] x86: Booted up 1 node, 2 CPUs
[    0.520003] smpboot: Total of 2 processors activated (8832.02 BogoMIPS)
[    0.532895] devtmpfs: initialized
[    0.542988] evm: security.selinux
[    0.544004] evm: security.SMACK64
[    0.548003] evm: security.SMACK64EXEC
[    0.552003] evm: security.SMACK64TRANSMUTE
[    0.556006] evm: security.SMACK64MMAP
[    0.560002] evm: security.ima
[    0.562527] evm: security.capability
[    0.564525] clocksource: jiffies: mask: 0xffffffff max_cycles: 0xffffffff, max_idle_ns: 7645041785100000 ns
[    0.568027] futex hash table entries: 512 (order: 3, 32768 bytes)
[    0.576347] pinctrl core: initialized pinctrl subsystem
[    0.580247] RTC time: 11:21:41, date: 12/01/20
[    0.585243] NET: Registered protocol family 16
[    0.600006] cpuidle: using governor ladder
[    0.616006] cpuidle: using governor menu
[    0.620134] PCCT header not found.
[    0.624158] ACPI: bus type PCI registered
[    0.628003] acpiphp: ACPI Hot Plug PCI Controller Driver version: 0.5
[    0.632449] PCI: Using configuration type 1 for base access
[    0.656767] ACPI: Added _OSI(Module Device)
[    0.660024] ACPI: Added _OSI(Processor Device)
[    0.664003] ACPI: Added _OSI(3.0 _SCP Extensions)
[    0.668003] ACPI: Added _OSI(Processor Aggregator Device)
[    0.676688] ACPI: Executed 1 blocks of module-level executable AML code
[    0.689359] ACPI: Interpreter enabled
[    0.692009] ACPI: (supports S0 S5)
[    0.696002] ACPI: Using IOAPIC for interrupt routing
[    0.700248] PCI: Using host bridge windows from ACPI; if necessary, use "pci=nocrs" and report a bug
[    0.711332] ACPI: PCI Root Bridge [PCI0] (domain 0000 [bus 00-ff])
[    0.712011] acpi PNP0A03:00: _OSC: OS supports [ASPM ClockPM Segments MSI]
[    0.716525] acpi PNP0A03:00: _OSC: not requesting OS control; OS requires [ExtendedConfig ASPM ClockPM MSI]
[    0.720015] acpi PNP0A03:00: fail to add MMCONFIG information, can't access extended PCI configuration space under this bridge.
[    0.724572] PCI host bridge to bus 0000:00
[    0.728005] pci_bus 0000:00: root bus resource [io  0x0000-0x0cf7 window]
[    0.732004] pci_bus 0000:00: root bus resource [io  0x0d00-0xffff window]
[    0.736005] pci_bus 0000:00: root bus resource [mem 0x000a0000-0x000bffff window]
[    0.740005] pci_bus 0000:00: root bus resource [mem 0x40000000-0xfdffffff window]
[    0.744004] pci_bus 0000:00: root bus resource [bus 00-ff]
[    0.754616] pci 0000:00:01.1: legacy IDE quirk: reg 0x10: [io  0x01f0-0x01f7]
[    0.756006] pci 0000:00:01.1: legacy IDE quirk: reg 0x14: [io  0x03f6]
[    0.760006] pci 0000:00:01.1: legacy IDE quirk: reg 0x18: [io  0x0170-0x0177]
[    0.764006] pci 0000:00:01.1: legacy IDE quirk: reg 0x1c: [io  0x0376]
[    0.829271] pci 0000:00:07.0: quirk: [io  0x4000-0x403f] claimed by PIIX4 ACPI
[    0.860027] pci 0000:00:07.0: quirk: [io  0x4100-0x410f] claimed by PIIX4 SMB
[    0.892706] ACPI: PCI Interrupt Link [LNKA] (IRQs 5 9 10 *11)
[    0.956356] ACPI: PCI Interrupt Link [LNKB] (IRQs 5 9 *10 11)
[    0.980157] ACPI: PCI Interrupt Link [LNKC] (IRQs 5 *9 10 11)
[    1.000324] ACPI: PCI Interrupt Link [LNKD] (IRQs 5 9 10 *11)
[    1.024330] ACPI: Enabled 2 GPEs in block 00 to 07
[    1.040352] vgaarb: setting as boot device: PCI:0000:00:02.0
[    1.044000] vgaarb: device added: PCI:0000:00:02.0,decodes=io+mem,owns=io+mem,locks=none
[    1.080006] vgaarb: loaded
[    1.088004] vgaarb: bridge control possible 0000:00:02.0
[    1.109036] SCSI subsystem initialized
[    1.128265] ACPI: bus type USB registered
[    1.144308] usbcore: registered new interface driver usbfs
[    1.168083] usbcore: registered new interface driver hub
[    1.188197] usbcore: registered new device driver usb
[    1.208736] PCI: Using ACPI for IRQ routing
[    1.229326] NetLabel: Initializing
[    1.236007] NetLabel:  domain hash size = 128
[    1.244004] NetLabel:  protocols = UNLABELED CIPSOv4
[    1.252033] NetLabel:  unlabeled traffic allowed by default
[    1.260172] amd_nb: Cannot enumerate AMD northbridges
[    1.272390] clocksource: Switched to clocksource kvm-clock
[    1.346977] AppArmor: AppArmor Filesystem Enabled
[    1.357012] pnp: PnP ACPI init
[    1.362966] pnp: PnP ACPI: found 3 devices
[    1.382963] clocksource: acpi_pm: mask: 0xffffff max_cycles: 0xffffff, max_idle_ns: 2085701024 ns
[    1.398187] NET: Registered protocol family 2
[    1.406203] TCP established hash table entries: 8192 (order: 4, 65536 bytes)
[    1.419722] TCP bind hash table entries: 8192 (order: 5, 131072 bytes)
[    1.431082] TCP: Hash tables configured (established 8192 bind 8192)
[    1.433746] UDP hash table entries: 512 (order: 2, 16384 bytes)
[    1.433746] UDP-Lite hash table entries: 512 (order: 2, 16384 bytes)
[    1.433746] NET: Registered protocol family 1
[    1.433746] pci 0000:00:00.0: Limiting direct PCI/PCI transfers
[    1.433746] pci 0000:00:01.0: Activating ISA DMA hang workarounds
[    1.433746] Unpacking initramfs...
[    2.036076] Freeing initrd memory: 14876K
[    2.045031] clocksource: tsc: mask: 0xffffffffffffffff max_cycles: 0x1fd3bdcbb82, max_idle_ns: 440795220917 ns
[    2.060446] platform rtc_cmos: registered platform RTC device (no PNP device found)
[    2.067689] Scanning for low memory corruption every 60 seconds
[    2.082309] audit: initializing netlink subsys (disabled)
[    2.091184] audit: type=2000 audit(1606821708.065:1): initialized
[    2.097634] Initialise system trusted keyring
[    2.106968] HugeTLB registered 2 MB page size, pre-allocated 0 pages
[    2.122672] zbud: loaded
[    2.127449] VFS: Disk quotas dquot_6.6.0
[    2.135374] VFS: Dquot-cache hash table entries: 512 (order 0, 4096 bytes)
[    2.147666] squashfs: version 4.0 (2009/01/31) Phillip Lougher
[    2.157603] fuse init (API version 7.23)
[    2.163303] Key type big_key registered
[    2.166692] Allocating IMA MOK and blacklist keyrings.
[    2.190797] Key type asymmetric registered
[    2.196739] Asymmetric key parser 'x509' registered
[    2.201863] Block layer SCSI generic (bsg) driver version 0.4 loaded (major 249)
[    2.208561] io scheduler noop registered
[    2.215323] io scheduler deadline registered (default)
[    2.223932] io scheduler cfq registered
[    2.230794] pci_hotplug: PCI Hot Plug PCI Core version: 0.5
[    2.239762] pciehp: PCI Express Hot Plug Controller Driver version: 0.4
[    2.250486] ACPI: AC Adapter [AC] (off-line)
[    2.257525] input: Power Button as /devices/LNXSYSTM:00/LNXPWRBN:00/input/input0
[    2.271364] ACPI: Power Button [PWRF]
[    2.277643] input: Sleep Button as /devices/LNXSYSTM:00/LNXSLPBN:00/input/input1
[    2.288157] ACPI: Sleep Button [SLPF]
[    2.294730] GHES: HEST is not enabled!
[    2.298520] ACPI: Battery Slot [BAT0] (battery present)
[    2.306504] Serial: 8250/16550 driver, 32 ports, IRQ sharing enabled
[    2.342342] 00:02: ttyS0 at I/O 0x3f8 (irq = 4, base_baud = 115200) is a 16550A
[    2.358391] Linux agpgart interface v0.103
[    2.374435] loop: module loaded
[    2.382421] scsi host0: ata_piix
[    2.387541] scsi host1: ata_piix
[    2.392679] ata1: PATA max UDMA/33 cmd 0x1f0 ctl 0x3f6 bmdma 0xd000 irq 14
[    2.400260] ata2: PATA max UDMA/33 cmd 0x170 ctl 0x376 bmdma 0xd008 irq 15
[    2.408228] libphy: Fixed MDIO Bus: probed
[    2.417685] tun: Universal TUN/TAP device driver, 1.6
[    2.427173] tun: (C) 1999-2004 Max Krasnyansky <maxk@qualcomm.com>
[    2.431068] PPP generic driver version 2.4.2
[    2.431068] ehci_hcd: USB 2.0 'Enhanced' Host Controller (EHCI) Driver
[    2.431068] ehci-pci: EHCI PCI platform driver
[    2.431068] ehci-platform: EHCI generic platform driver
[    2.431068] ohci_hcd: USB 1.1 'Open' Host Controller (OHCI) Driver
[    2.431068] ohci-pci: OHCI PCI platform driver
[    2.431068] ohci-platform: OHCI generic platform driver
[    2.431068] uhci_hcd: USB Universal Host Controller Interface driver
[    2.431068] i8042: PNP: PS/2 Controller [PNP0303:PS2K,PNP0f03:PS2M] at 0x60,0x64 irq 1,12
[    2.515420] serio: i8042 KBD port at 0x60,0x64 irq 1
[    2.526727] serio: i8042 AUX port at 0x60,0x64 irq 12
[    2.537976] mousedev: PS/2 mouse device common for all mice
[    2.550315] rtc_cmos rtc_cmos: rtc core: registered rtc_cmos as rtc0
[    2.566397] rtc_cmos rtc_cmos: alarms up to one day, 114 bytes nvram
[    2.578659] i2c /dev entries driver
[    2.584775] device-mapper: uevent: version 1.0.3
[    2.591294] device-mapper: ioctl: 4.34.0-ioctl (2015-10-28) initialised: dm-devel@redhat.com
[    2.601968] ledtrig-cpu: registered to indicate activity on CPUs
[    2.647676] input: AT Translated Set 2 keyboard as /devices/platform/i8042/serio0/input/input2
[    2.661323] NET: Registered protocol family 10
[    2.666912] NET: Registered protocol family 17
[    2.673767] Key type dns_resolver registered
[    2.678958] registered taskstats version 1
[    2.683053] Loading compiled-in X.509 certificates
[    2.689055] Loaded X.509 cert 'Build time autogenerated kernel key: 399ad61e9457a71f6b31060684c17f14836880c9'
[    2.700079] zswap: loaded using pool lzo/zbud
[    2.710188] Key type trusted registered
[    2.726397] Key type encrypted registered
[    2.732402] AppArmor: AppArmor sha1 policy hashing enabled
[    2.740792] ima: No TPM chip found, activating TPM-bypass!
[    2.752475] ima: Allocated hash algorithm: sha1
[    2.758747] evm: HMAC attrs: 0x1
[    2.764423]   Magic number: 0:101:377
[    2.770270] acpi PNP0700:00: hash matches
[    2.776116] rtc_cmos rtc_cmos: setting system clock to 2020-12-01 11:21:43 UTC (1606821703)
[    2.792260] BIOS EDD facility v0.16 2004-Jun-25, 0 devices found
[    2.797686] EDD information not available.
[    2.805665] Freeing unused kernel memory: 1492K
[    2.811910] Write protecting the kernel read-only data: 14336k
[    2.818756] Freeing unused kernel memory: 1588K
[    2.826080] Freeing unused kernel memory: 56K
Loading, please wait...
starting version 229
[    2.870521] random: systemd-udevd: uninitialized urandom read (16 bytes read, 5 bits of entropy available)
[    2.872196] random: udevadm: uninitialized urandom read (16 bytes read, 5 bits of entropy available)
[    2.872225] random: udevadm: uninitialized urandom read (16 bytes read, 5 bits of entropy available)
[    2.887688] random: udevadm: uninitialized urandom read (16 bytes read, 5 bits of entropy available)
[    2.887788] random: udevadm: uninitialized urandom read (16 bytes read, 5 bits of entropy available)
[    2.888317] random: udevadm: uninitialized urandom read (16 bytes read, 5 bits of entropy available)
[    2.888360] random: udevadm: uninitialized urandom read (16 bytes read, 5 bits of entropy available)
[    2.888399] random: udevadm: uninitialized urandom read (16 bytes read, 5 bits of entropy available)
[    2.888510] random: udevadm: uninitialized urandom read (16 bytes read, 5 bits of entropy available)
[    2.888551] random: udevadm: uninitialized urandom read (16 bytes read, 5 bits of entropy available)
[    3.032529] Fusion MPT base driver 3.04.20
[    3.036109] Copyright (c) 1999-2008 LSI Corporation
[    3.080709] e1000: Intel(R) PRO/1000 Network Driver - version 7.3.21-k8-NAPI
[    3.093257] e1000: Copyright (c) 1999-2006 Intel Corporation.
[    3.131495] Fusion MPT SPI Host driver 3.04.20
[    3.372654] input: ImExPS/2 Generic Explorer Mouse as /devices/platform/i8042/serio1/input/input4
[    4.007474] e1000 0000:00:03.0 eth0: (PCI:33MHz:32-bit) 02:c6:19:c6:a2:a5
[    4.018743] e1000 0000:00:03.0 eth0: Intel(R) PRO/1000 Network Connection
[    4.029677] mptbase: ioc0: Initiating bringup
[    4.031289] e1000 0000:00:03.0 enp0s3: renamed from eth0
[    4.122937] ioc0: LSI53C1030 A0: Capabilities={Initiator}
[    4.363042] scsi host2: ioc0: LSI53C1030 A0, FwRev=00000000h, Ports=1, MaxQ=256, IRQ=20
[    4.519460] scsi 2:0:0:0: Direct-Access     VBOX     HARDDISK         1.0  PQ: 0 ANSI: 5
[    4.528496] scsi target2:0:0: Beginning Domain Validation
[    4.547613] scsi target2:0:0: Domain Validation skipping write tests
[    4.557757] scsi target2:0:0: Ending Domain Validation
[    4.564382] scsi target2:0:0: asynchronous
[    4.573611] scsi 2:0:1:0: Direct-Access     VBOX     HARDDISK         1.0  PQ: 0 ANSI: 5
[    4.582715] scsi target2:0:1: Beginning Domain Validation
[    4.601967] scsi target2:0:1: Domain Validation skipping write tests
[    4.608752] scsi target2:0:1: Ending Domain Validation
[    4.620152] scsi target2:0:1: asynchronous
[    4.661177] sd 2:0:0:0: Attached scsi generic sg0 type 0
[    4.668063] sd 2:0:0:0: [sda] 20971520 512-byte logical blocks: (10.7 GB/10.0 GiB)
[    4.668540] sd 2:0:1:0: Attached scsi generic sg1 type 0
[    4.669331] sd 2:0:1:0: [sdb] 20480 512-byte logical blocks: (10.5 MB/10.0 MiB)
[    4.671128] sd 2:0:1:0: [sdb] Write Protect is off
[    4.672349] sd 2:0:1:0: [sdb] Incomplete mode parameter data
[    4.672351] sd 2:0:1:0: [sdb] Assuming drive cache: write through
[    4.686105] sd 2:0:1:0: [sdb] Attached SCSI disk
[    4.741676] sd 2:0:0:0: [sda] Write Protect is off
[    4.756427] sd 2:0:0:0: [sda] Incomplete mode parameter data
[    4.766166] sd 2:0:0:0: [sda] Assuming drive cache: write through
[    4.783785]  sda: sda1
[    4.794382] sd 2:0:0:0: [sda] Attached SCSI disk
Begin: Loading essential drivers ... [    6.658745] md: linear personality registered for level -1
[    6.672901] md: multipath personality registered for level -4
[    6.684765] md: raid0 personality registered for level 0
[    6.704460] md: raid1 personality registered for level 1
