[    0.000000] Initializing cgroup subsys cpuset
[    0.000000] Initializing cgroup subsys cpu
[    0.000000] Initializing cgroup subsys cpuacct
[    0.000000] Linux version 4.4.0-193-generic (buildd@lgw01-amd64-024) (gcc version 5.4.0 20160609 (Ubuntu 5.4.0-6ubuntu1~16.04.12) ) #224-Ubuntu SMP Tue Oct 6 17:15:28 UTC 2020 (Ubuntu 4.4.0-193.224-generic 4.4.236)
[    0.000000] Command line: BOOT_IMAGE=/boot/vmlinuz-4.4.0-193-generic root=LABEL=cloudimg-rootfs ro console=tty1 console=ttyS0
[    0.000000] KERNEL supported cpus:
[    0.000000]   Intel GenuineIntel
[    0.000000]   AMD AuthenticAMD
[    0.000000]   Centaur CentaurHauls
[    0.000000] x86/fpu: xstate_offset[2]:  576, xstate_sizes[2]:  256
[    0.000000] x86/fpu: Supporting XSAVE feature 0x01: 'x87 floating point registers'
[    0.000000] x86/fpu: Supporting XSAVE feature 0x02: 'SSE registers'
[    0.000000] x86/fpu: Supporting XSAVE feature 0x04: 'AVX registers'
[    0.000000] x86/fpu: Enabled xstate features 0x7, context size is 832 bytes, using 'standard' format.
[    0.000000] e820: BIOS-provided physical RAM map:
[    0.000000] BIOS-e820: [mem 0x0000000000000000-0x000000000009fbff] usable
[    0.000000] BIOS-e820: [mem 0x000000000009fc00-0x000000000009ffff] reserved
[    0.000000] BIOS-e820: [mem 0x00000000000f0000-0x00000000000fffff] reserved
[    0.000000] BIOS-e820: [mem 0x0000000000100000-0x000000003ffeffff] usable
[    0.000000] BIOS-e820: [mem 0x000000003fff0000-0x000000003fffffff] ACPI data
[    0.000000] BIOS-e820: [mem 0x00000000fec00000-0x00000000fec00fff] reserved
[    0.000000] BIOS-e820: [mem 0x00000000fee00000-0x00000000fee00fff] reserved
[    0.000000] BIOS-e820: [mem 0x00000000fffc0000-0x00000000ffffffff] reserved
[    0.000000] NX (Execute Disable) protection: active
[    0.000000] SMBIOS 2.5 present.
[    0.000000] Hypervisor detected: KVM
[    0.000000] e820: last_pfn = 0x3fff0 max_arch_pfn = 0x400000000
[    0.000000] MTRR: Disabled
[    0.000000] x86/PAT: MTRRs disabled, skipping PAT initialization too.
[    0.000000] CPU MTRRs all blank - virtualized system.
[    0.000000] x86/PAT: Configuration [0-7]: WB  WT  UC- UC  WB  WT  UC- UC  
[    0.000000] found SMP MP-table at [mem 0x0009fff0-0x0009ffff] mapped at [ffff88000009fff0]
[    0.000000] Scanning 1 areas for low memory corruption
[    0.000000] RAMDISK: [mem 0x362e2000-0x37168fff]
[    0.000000] ACPI: Early table checksum verification disabled
[    0.000000] ACPI: RSDP 0x00000000000E0000 000024 (v02 VBOX  )
[    0.000000] ACPI: XSDT 0x000000003FFF0030 00003C (v01 VBOX   VBOXXSDT 00000001 ASL  00000061)
[    0.000000] ACPI: FACP 0x000000003FFF00F0 0000F4 (v04 VBOX   VBOXFACP 00000001 ASL  00000061)
[    0.000000] ACPI: DSDT 0x000000003FFF0470 002325 (v02 VBOX   VBOXBIOS 00000002 INTL 20100528)
[    0.000000] ACPI: FACS 0x000000003FFF0200 000040
[    0.000000] ACPI: FACS 0x000000003FFF0200 000040
[    0.000000] ACPI: APIC 0x000000003FFF0240 00005C (v02 VBOX   VBOXAPIC 00000001 ASL  00000061)
[    0.000000] ACPI: SSDT 0x000000003FFF02A0 0001CC (v01 VBOX   VBOXCPUT 00000002 INTL 20100528)
[    0.000000] No NUMA configuration found
[    0.000000] Faking a node at [mem 0x0000000000000000-0x000000003ffeffff]
[    0.000000] NODE_DATA(0) allocated [mem 0x3ffeb000-0x3ffeffff]
[    0.000000] kvm-clock: Using msrs 4b564d01 and 4b564d00
[    0.000000] kvm-clock: cpu 0, msr 0:3ffe3001, primary cpu clock
[    0.000000] kvm-clock: using sched offset of 4182480218 cycles
[    0.000000] clocksource: kvm-clock: mask: 0xffffffffffffffff max_cycles: 0x1cd42e4dffb, max_idle_ns: 881590591483 ns
[    0.000000] Zone ranges:
[    0.000000]   DMA      [mem 0x0000000000001000-0x0000000000ffffff]
[    0.000000]   DMA32    [mem 0x0000000001000000-0x000000003ffeffff]
[    0.000000]   Normal   empty
[    0.000000]   Device   empty
[    0.000000] Movable zone start for each node
[    0.000000] Early memory node ranges
[    0.000000]   node   0: [mem 0x0000000000001000-0x000000000009efff]
[    0.000000]   node   0: [mem 0x0000000000100000-0x000000003ffeffff]
[    0.000000] Initmem setup node 0 [mem 0x0000000000001000-0x000000003ffeffff]
[    0.000000] ACPI: PM-Timer IO Port: 0x4008
[    0.000000] IOAPIC[0]: apic_id 2, version 32, address 0xfec00000, GSI 0-23
[    0.000000] ACPI: INT_SRC_OVR (bus 0 bus_irq 0 global_irq 2 dfl dfl)
[    0.000000] ACPI: INT_SRC_OVR (bus 0 bus_irq 9 global_irq 9 low level)
[    0.000000] Using ACPI (MADT) for SMP configuration information
[    0.000000] smpboot: Allowing 2 CPUs, 0 hotplug CPUs
[    0.000000] PM: Registered nosave memory: [mem 0x00000000-0x00000fff]
[    0.000000] PM: Registered nosave memory: [mem 0x0009f000-0x0009ffff]
[    0.000000] PM: Registered nosave memory: [mem 0x000a0000-0x000effff]
[    0.000000] PM: Registered nosave memory: [mem 0x000f0000-0x000fffff]
[    0.000000] e820: [mem 0x40000000-0xfebfffff] available for PCI devices
[    0.000000] Booting paravirtualized kernel on KVM
[    0.000000] clocksource: refined-jiffies: mask: 0xffffffff max_cycles: 0xffffffff, max_idle_ns: 7645519600211568 ns
[    0.000000] setup_percpu: NR_CPUS:512 nr_cpumask_bits:512 nr_cpu_ids:2 nr_node_ids:1
[    0.000000] PERCPU: Embedded 33 pages/cpu @ffff88003fc00000 s95512 r8192 d31464 u1048576
[    0.000000] Built 1 zonelists in Node order, mobility grouping on.  Total pages: 257912
[    0.000000] Policy zone: DMA32
[    0.000000] Kernel command line: BOOT_IMAGE=/boot/vmlinuz-4.4.0-193-generic root=LABEL=cloudimg-rootfs ro console=tty1 console=ttyS0
[    0.000000] PID hash table entries: 4096 (order: 3, 32768 bytes)
[    0.000000] Memory: 997668K/1048120K available (8640K kernel code, 1337K rwdata, 4040K rodata, 1492K init, 1296K bss, 50452K reserved, 0K cma-reserved)
[    0.000000] SLUB: HWalign=64, Order=0-3, MinObjects=0, CPUs=2, Nodes=1
[    0.000000] Kernel/User page tables isolation: enabled
[    0.000000] Hierarchical RCU implementation.
[    0.000000] 	Build-time adjustment of leaf fanout to 64.
[    0.000000] 	RCU restricting CPUs from NR_CPUS=512 to nr_cpu_ids=2.
[    0.000000] RCU: Adjusting geometry for rcu_fanout_leaf=64, nr_cpu_ids=2
[    0.000000] NR_IRQS:33024 nr_irqs:440 16
[    0.000000] Console: colour VGA+ 80x25
[    0.000000] console [tty1] enabled
[    0.000000] console [ttyS0] enabled
[    0.000000] tsc: Detected 2208.000 MHz processor
[    0.237639] Calibrating delay loop (skipped) preset value.. 4416.00 BogoMIPS (lpj=8832000)
[    0.239877] pid_max: default: 32768 minimum: 301
[    0.241488] ACPI: Core revision 20150930
[    0.244436] ACPI: 2 ACPI AML tables successfully acquired and loaded
[    0.246748] Security Framework initialized
[    0.247902] Yama: becoming mindful.
[    0.248948] AppArmor: AppArmor initialized
[    0.250179] Dentry cache hash table entries: 131072 (order: 8, 1048576 bytes)
[    0.271695] Inode-cache hash table entries: 65536 (order: 7, 524288 bytes)
[    0.273588] Mount-cache hash table entries: 2048 (order: 2, 16384 bytes)
[    0.275072] Mountpoint-cache hash table entries: 2048 (order: 2, 16384 bytes)
[    0.276899] Initializing cgroup subsys io
[    0.278002] Initializing cgroup subsys memory
[    0.279173] Initializing cgroup subsys devices
[    0.280736] Initializing cgroup subsys freezer
[    0.281913] Initializing cgroup subsys net_cls
[    0.283181] Initializing cgroup subsys perf_event
[    0.284418] Initializing cgroup subsys net_prio
[    0.285576] Initializing cgroup subsys hugetlb
[    0.286728] Initializing cgroup subsys pids
[    0.288841] mce: CPU supports 0 MCE banks
[    0.290036] Last level iTLB entries: 4KB 64, 2MB 8, 4MB 8
[    0.291389] Last level dTLB entries: 4KB 64, 2MB 0, 4MB 0, 1GB 4
[    0.293121] Spectre V1 : Mitigation: usercopy/swapgs barriers and __user pointer sanitization
[    0.295310] Spectre V2 : Mitigation: Full generic retpoline
[    0.296994] Spectre V2 : Spectre v2 / SpectreRSB mitigation: Filling RSB on context switch
[    0.299133] Speculative Store Bypass: Vulnerable
[    0.300273] SRBDS: Unknown: Dependent on hypervisor status
[    0.301750] MDS: Mitigation: Clear CPU buffers
[    0.308998] Freeing SMP alternatives memory: 36K
[    0.316735] ftrace: allocating 32346 entries in 127 pages
[    0.398263] smpboot: APIC(0) Converting physical 0 to logical package 0
[    0.399748] smpboot: Max logical packages: 1
[    0.401191] x2apic enabled
[    0.402305] Switched APIC routing to physical x2apic.
[    0.405017] ..TIMER: vector=0x30 apic1=0 pin1=2 apic2=-1 pin2=-1
[    0.514902] smpboot: CPU0: Intel(R) Core(TM) i7-8750H CPU @ 2.20GHz (family: 0x6, model: 0x9e, stepping: 0xa)
[    0.519401] Performance Events: unsupported p6 CPU model 158 no PMU driver, software events only.
[    0.532483] KVM setup paravirtual spinlock
[    0.534138] x86: Booting SMP configuration:
[    0.535265] .... node  #0, CPUs:      #1
[    0.536467] kvm-clock: cpu 1, msr 0:3ffe3041, secondary cpu clock
[    0.539834] mce: CPU supports 0 MCE banks
[    0.542729] x86: Booted up 1 node, 2 CPUs
[    0.544096] smpboot: Total of 2 processors activated (8832.00 BogoMIPS)
[    0.546245] devtmpfs: initialized
[    0.548887] evm: security.selinux
[    0.549843] evm: security.SMACK64
[    0.550696] evm: security.SMACK64EXEC
[    0.551726] evm: security.SMACK64TRANSMUTE
[    0.552700] evm: security.SMACK64MMAP
[    0.553729] evm: security.ima
[    0.554717] evm: security.capability
[    0.556131] clocksource: jiffies: mask: 0xffffffff max_cycles: 0xffffffff, max_idle_ns: 7645041785100000 ns
[    0.558541] futex hash table entries: 512 (order: 3, 32768 bytes)
[    0.560218] pinctrl core: initialized pinctrl subsystem
[    0.561563] RTC time: 10:16:01, date: 12/01/20
[    0.562913] NET: Registered protocol family 16
[    0.576088] cpuidle: using governor ladder
[    0.588126] cpuidle: using governor menu
[    0.589446] PCCT header not found.
[    0.590500] ACPI: bus type PCI registered
[    0.591959] acpiphp: ACPI Hot Plug PCI Controller Driver version: 0.5
[    0.593689] PCI: Using configuration type 1 for base access
[    0.609736] ACPI: Added _OSI(Module Device)
[    0.610929] ACPI: Added _OSI(Processor Device)
[    0.612964] ACPI: Added _OSI(3.0 _SCP Extensions)
[    0.614154] ACPI: Added _OSI(Processor Aggregator Device)
[    0.616054] ACPI: Executed 1 blocks of module-level executable AML code
[    0.619867] ACPI: Interpreter enabled
[    0.620910] ACPI: (supports S0 S5)
[    0.621925] ACPI: Using IOAPIC for interrupt routing
[    0.623616] PCI: Using host bridge windows from ACPI; if necessary, use "pci=nocrs" and report a bug
[    0.629813] ACPI: PCI Root Bridge [PCI0] (domain 0000 [bus 00-ff])
[    0.631471] acpi PNP0A03:00: _OSC: OS supports [ASPM ClockPM Segments MSI]
[    0.633460] acpi PNP0A03:00: _OSC: not requesting OS control; OS requires [ExtendedConfig ASPM ClockPM MSI]
[    0.635985] acpi PNP0A03:00: fail to add MMCONFIG information, can't access extended PCI configuration space under this bridge.
[    0.638998] PCI host bridge to bus 0000:00
[    0.640039] pci_bus 0000:00: root bus resource [io  0x0000-0x0cf7 window]
[    0.641610] pci_bus 0000:00: root bus resource [io  0x0d00-0xffff window]
[    0.643239] pci_bus 0000:00: root bus resource [mem 0x000a0000-0x000bffff window]
[    0.645158] pci_bus 0000:00: root bus resource [mem 0x40000000-0xfdffffff window]
[    0.648020] pci_bus 0000:00: root bus resource [bus 00-ff]
[    0.651499] pci 0000:00:01.1: legacy IDE quirk: reg 0x10: [io  0x01f0-0x01f7]
[    0.653088] pci 0000:00:01.1: legacy IDE quirk: reg 0x14: [io  0x03f6]
[    0.654646] pci 0000:00:01.1: legacy IDE quirk: reg 0x18: [io  0x0170-0x0177]
[    0.669654] pci 0000:00:01.1: legacy IDE quirk: reg 0x1c: [io  0x0376]
[    0.682420] pci 0000:00:07.0: quirk: [io  0x4000-0x403f] claimed by PIIX4 ACPI
[    0.684260] pci 0000:00:07.0: quirk: [io  0x4100-0x410f] claimed by PIIX4 SMB
[    0.689873] ACPI: PCI Interrupt Link [LNKA] (IRQs 5 9 10 *11)
[    0.692197] ACPI: PCI Interrupt Link [LNKB] (IRQs 5 9 *10 11)
[    0.694226] ACPI: PCI Interrupt Link [LNKC] (IRQs 5 *9 10 11)
[    0.696630] ACPI: PCI Interrupt Link [LNKD] (IRQs 5 9 10 *11)
[    0.698678] ACPI: Enabled 2 GPEs in block 00 to 07
[    0.700309] vgaarb: setting as boot device: PCI:0000:00:02.0
[    0.701513] vgaarb: device added: PCI:0000:00:02.0,decodes=io+mem,owns=io+mem,locks=none
[    0.704452] vgaarb: loaded
[    0.705204] vgaarb: bridge control possible 0000:00:02.0
[    0.706556] SCSI subsystem initialized
[    0.707705] ACPI: bus type USB registered
[    0.708693] usbcore: registered new interface driver usbfs
[    0.709945] usbcore: registered new interface driver hub
[    0.711361] usbcore: registered new device driver usb
[    0.713337] PCI: Using ACPI for IRQ routing
[    0.732760] NetLabel: Initializing
[    0.733845] NetLabel:  domain hash size = 128
[    0.735010] NetLabel:  protocols = UNLABELED CIPSOv4
[    0.736232] NetLabel:  unlabeled traffic allowed by default
[    0.737829] amd_nb: Cannot enumerate AMD northbridges
[    0.739353] clocksource: Switched to clocksource kvm-clock
[    0.783219] AppArmor: AppArmor Filesystem Enabled
[    0.784490] pnp: PnP ACPI init
[    0.786704] pnp: PnP ACPI: found 3 devices
[    0.802191] clocksource: acpi_pm: mask: 0xffffff max_cycles: 0xffffff, max_idle_ns: 2085701024 ns
[    0.805870] NET: Registered protocol family 2
[    0.807148] TCP established hash table entries: 8192 (order: 4, 65536 bytes)
[    0.809028] TCP bind hash table entries: 8192 (order: 5, 131072 bytes)
[    0.810697] TCP: Hash tables configured (established 8192 bind 8192)
[    0.812217] UDP hash table entries: 512 (order: 2, 16384 bytes)
[    0.814251] UDP-Lite hash table entries: 512 (order: 2, 16384 bytes)
[    0.815836] NET: Registered protocol family 1
[    0.817095] pci 0000:00:00.0: Limiting direct PCI/PCI transfers
[    0.818718] pci 0000:00:01.0: Activating ISA DMA hang workarounds
[    0.820427] Unpacking initramfs...
[    1.481456] Freeing initrd memory: 14876K
[    1.482724] clocksource: tsc: mask: 0xffffffffffffffff max_cycles: 0x1fd3b81b95f, max_idle_ns: 440795257325 ns
[    1.485457] platform rtc_cmos: registered platform RTC device (no PNP device found)
[    1.487501] Scanning for low memory corruption every 60 seconds
[    1.489507] audit: initializing netlink subsys (disabled)
[    1.490969] audit: type=2000 audit(1606817768.535:1): initialized
[    1.492914] Initialise system trusted keyring
[    1.494297] HugeTLB registered 2 MB page size, pre-allocated 0 pages
[    1.497436] zbud: loaded
[    1.498903] VFS: Disk quotas dquot_6.6.0
[    1.500157] VFS: Dquot-cache hash table entries: 512 (order 0, 4096 bytes)
[    1.502018] squashfs: version 4.0 (2009/01/31) Phillip Lougher
[    1.503873] fuse init (API version 7.23)
[    1.505079] Key type big_key registered
[    1.506160] Allocating IMA MOK and blacklist keyrings.
[    1.512193] Key type asymmetric registered
[    1.513721] Asymmetric key parser 'x509' registered
[    1.514967] Block layer SCSI generic (bsg) driver version 0.4 loaded (major 249)
[    1.517453] io scheduler noop registered
[    1.518541] io scheduler deadline registered (default)
[    1.520079] io scheduler cfq registered
[    1.521211] pci_hotplug: PCI Hot Plug PCI Core version: 0.5
[    1.523512] pciehp: PCI Express Hot Plug Controller Driver version: 0.4
[    1.525691] ACPI: AC Adapter [AC] (off-line)
[    1.527069] input: Power Button as /devices/LNXSYSTM:00/LNXPWRBN:00/input/input0
[    1.530320] ACPI: Power Button [PWRF]
[    1.531805] input: Sleep Button as /devices/LNXSYSTM:00/LNXSLPBN:00/input/input1
[    1.534101] ACPI: Sleep Button [SLPF]
[    1.536191] ACPI: Battery Slot [BAT0] (battery present)
[    1.537802] GHES: HEST is not enabled!
[    1.539019] Serial: 8250/16550 driver, 32 ports, IRQ sharing enabled
[    1.561672] 00:02: ttyS0 at I/O 0x3f8 (irq = 4, base_baud = 115200) is a 16550A
[    1.566269] Linux agpgart interface v0.103
[    1.571832] loop: module loaded
[    1.574829] scsi host0: ata_piix
[    1.577252] scsi host1: ata_piix
[    1.578693] ata1: PATA max UDMA/33 cmd 0x1f0 ctl 0x3f6 bmdma 0xd000 irq 14
[    1.581034] ata2: PATA max UDMA/33 cmd 0x170 ctl 0x376 bmdma 0xd008 irq 15
[    1.583445] libphy: Fixed MDIO Bus: probed
[    1.585412] tun: Universal TUN/TAP device driver, 1.6
[    1.587051] tun: (C) 1999-2004 Max Krasnyansky <maxk@qualcomm.com>
[    1.589084] PPP generic driver version 2.4.2
[    1.590695] ehci_hcd: USB 2.0 'Enhanced' Host Controller (EHCI) Driver
[    1.592985] ehci-pci: EHCI PCI platform driver
[    1.594719] ehci-platform: EHCI generic platform driver
[    1.596800] ohci_hcd: USB 1.1 'Open' Host Controller (OHCI) Driver
[    1.599192] ohci-pci: OHCI PCI platform driver
[    1.601116] ohci-platform: OHCI generic platform driver
[    1.602813] uhci_hcd: USB Universal Host Controller Interface driver
[    1.604909] i8042: PNP: PS/2 Controller [PNP0303:PS2K,PNP0f03:PS2M] at 0x60,0x64 irq 1,12
[    1.608234] serio: i8042 KBD port at 0x60,0x64 irq 1
[    1.610002] serio: i8042 AUX port at 0x60,0x64 irq 12
[    1.611882] mousedev: PS/2 mouse device common for all mice
[    1.614237] rtc_cmos rtc_cmos: rtc core: registered rtc_cmos as rtc0
[    1.616302] rtc_cmos rtc_cmos: alarms up to one day, 114 bytes nvram
[    1.618240] i2c /dev entries driver
[    1.619571] input: AT Translated Set 2 keyboard as /devices/platform/i8042/serio0/input/input2
[    1.622641] device-mapper: uevent: version 1.0.3
[    1.624272] device-mapper: ioctl: 4.34.0-ioctl (2015-10-28) initialised: dm-devel@redhat.com
[    1.627278] ledtrig-cpu: registered to indicate activity on CPUs
[    1.630375] NET: Registered protocol family 10
[    1.633108] NET: Registered protocol family 17
[    1.634699] Key type dns_resolver registered
[    1.636505] registered taskstats version 1
[    1.637764] Loading compiled-in X.509 certificates
[    1.639743] Loaded X.509 cert 'Build time autogenerated kernel key: 399ad61e9457a71f6b31060684c17f14836880c9'
[    1.642762] zswap: loaded using pool lzo/zbud
[    1.646681] Key type trusted registered
[    1.654152] Key type encrypted registered
[    1.655675] AppArmor: AppArmor sha1 policy hashing enabled
[    1.657068] ima: No TPM chip found, activating TPM-bypass!
[    1.658379] ima: Allocated hash algorithm: sha1
[    1.659642] evm: HMAC attrs: 0x1
[    1.660990]   Magic number: 0:889:273
[    1.661984] tty tty10: hash matches
[    1.663370] net lo: hash matches
[    1.664628] rtc_cmos rtc_cmos: setting system clock to 2020-12-01 10:16:02 UTC (1606817762)
[    1.666906] BIOS EDD facility v0.16 2004-Jun-25, 0 devices found
[    1.668519] EDD information not available.
[    1.835565] Freeing unused kernel memory: 1492K
[    1.836759] Write protecting the kernel read-only data: 14336k
[    1.838747] Freeing unused kernel memory: 1588K
[    1.840237] Freeing unused kernel memory: 56K
Loading, please wait...
starting version 229
[    1.856461] random: systemd-udevd: uninitialized urandom read (16 bytes read, 3 bits of entropy available)
[    1.857123] random: udevadm: uninitialized urandom read (16 bytes read, 3 bits of entropy available)
[    1.857142] random: udevadm: uninitialized urandom read (16 bytes read, 3 bits of entropy available)
[    1.865287] random: systemd-udevd: uninitialized urandom read (16 bytes read, 3 bits of entropy available)
[    1.867455] random: udevadm: uninitialized urandom read (16 bytes read, 3 bits of entropy available)
[    1.867497] random: udevadm: uninitialized urandom read (16 bytes read, 3 bits of entropy available)
[    1.867646] random: udevadm: uninitialized urandom read (16 bytes read, 3 bits of entropy available)
[    1.867741] random: udevadm: uninitialized urandom read (16 bytes read, 3 bits of entropy available)
[    1.867798] random: udevadm: uninitialized urandom read (16 bytes read, 3 bits of entropy available)
[    1.867852] random: udevadm: uninitialized urandom read (16 bytes read, 3 bits of entropy available)
[    1.918258] e1000: Intel(R) PRO/1000 Network Driver - version 7.3.21-k8-NAPI
[    1.919724] e1000: Copyright (c) 1999-2006 Intel Corporation.
[    1.923886] Fusion MPT base driver 3.04.20
[    1.925025] Copyright (c) 1999-2008 LSI Corporation
[    1.937133] Fusion MPT SPI Host driver 3.04.20
[    1.948669] AVX2 version of gcm_enc/dec engaged.
[    1.950127] AES CTR mode by8 optimization enabled
[    2.153752] input: ImExPS/2 Generic Explorer Mouse as /devices/platform/i8042/serio1/input/input4
[    2.505152] e1000 0000:00:03.0 eth0: (PCI:33MHz:32-bit) 02:c6:19:c6:a2:a5
[    2.506903] e1000 0000:00:03.0 eth0: Intel(R) PRO/1000 Network Connection
[    2.511178] mptbase: ioc0: Initiating bringup
[    2.513722] e1000 0000:00:03.0 enp0s3: renamed from eth0
[    3.880413] ioc0: LSI53C1030 A0: Capabilities={Initiator}
[    8.527649] scsi host2: ioc0: LSI53C1030 A0, FwRev=00000000h, Ports=1, MaxQ=256, IRQ=20
[   10.449156] scsi 2:0:0:0: Direct-Access     VBOX     HARDDISK         1.0  PQ: 0 ANSI: 5
[   10.452997] scsi target2:0:0: Beginning Domain Validation
[   10.459279] scsi target2:0:0: Domain Validation skipping write tests
[   10.461995] scsi target2:0:0: Ending Domain Validation
[   10.465587] scsi target2:0:0: asynchronous
[   10.468800] scsi 2:0:1:0: Direct-Access     VBOX     HARDDISK         1.0  PQ: 0 ANSI: 5
[   10.472028] scsi target2:0:1: Beginning Domain Validation
[   10.500105] scsi target2:0:1: Domain Validation skipping write tests
[   10.502111] scsi target2:0:1: Ending Domain Validation
[   10.503917] scsi target2:0:1: asynchronous
[   10.522238] sd 2:0:0:0: [sda] 20971520 512-byte logical blocks: (10.7 GB/10.0 GiB)
[   10.524586] sd 2:0:0:0: Attached scsi generic sg0 type 0
[   10.526244] sd 2:0:0:0: [sda] Write Protect is off
[   10.527156] sd 2:0:1:0: [sdb] 20480 512-byte logical blocks: (10.5 MB/10.0 MiB)
[   10.527553] sd 2:0:1:0: [sdb] Write Protect is off
[   10.527912] sd 2:0:1:0: [sdb] Incomplete mode parameter data
[   10.527914] sd 2:0:1:0: [sdb] Assuming drive cache: write through
[   10.531713] sd 2:0:1:0: Attached scsi generic sg1 type 0
[   10.541496] sd 2:0:0:0: [sda] Incomplete mode parameter data
[   10.543224] sd 2:0:0:0: [sda] Assuming drive cache: write through
[   10.572462]  sda: sda1
[   10.575043] sd 2:0:1:0: [sdb] Attached SCSI disk
[   10.577251] sd 2:0:0:0: [sda] Attached SCSI disk
Begin: Loading essential drivers ... [   12.124410] md: linear personality registered for level -1
[   12.128464] md: multipath personality registered for level -4
[   12.133419] md: raid0 personality registered for level 0
[   12.140064] md: raid1 personality registered for level 1
[   12.211824] raid6: sse2x1   gen()  9876 MB/s
[   12.280177] raid6: sse2x1   xor()  5881 MB/s
[   12.347497] raid6: sse2x2   gen()  9916 MB/s
[   12.419796] raid6: sse2x2   xor()  7153 MB/s
[   12.488076] raid6: sse2x4   gen() 12358 MB/s
[   12.555407] raid6: sse2x4   xor() 10224 MB/s
[   12.623734] raid6: avx2x1   gen() 18498 MB/s
[   12.691992] raid6: avx2x2   gen() 22894 MB/s
[   12.759400] raid6: avx2x4   gen() 20522 MB/s
[   12.760914] raid6: using algorithm avx2x2 gen() 22894 MB/s
[   12.763017] raid6: using avx2x2 recovery algorithm
[   12.766844] xor: automatically using best checksumming function:
[   12.808234]    avx       : 23181.000 MB/sec
[   12.810619] async_tx: api initialized (async)
[   12.823473] md: raid6 personality registered for level 6
[   12.824963] md: raid5 personality registered for level 5
[   12.826342] md: raid4 personality registered for level 4
[   12.834567] md: raid10 personality registered for level 10
done.
Begin: Running /scripts/init-premount ... done.
Begin: Mounting root file system ... Begin: Running /scripts/local-top ... done.
Begin: Running /scripts/local-premount ... [   12.868862] Btrfs loaded
Scanning for Btrfs filesystems
done.
Warning: fsck not present, so skipping root file system
[   12.941307] EXT4-fs (sda1): mounted filesystem with ordered data mode. Opts: (null)
done.
Begin: Running /scripts/local-bottom ... done.
Begin: Running /scripts/init-bottom ... done.
[   13.057199] systemd[1]: systemd 229 running in system mode. (+PAM +AUDIT +SELINUX +IMA +APPARMOR +SMACK +SYSVINIT +UTMP +LIBCRYPTSETUP +GCRYPT +GNUTLS +ACL +XZ -LZ4 +SECCOMP +BLKID +ELFUTILS +KMOD -IDN)
[   13.061629] systemd[1]: Detected virtualization oracle.
[   13.063279] systemd[1]: Detected architecture x86-64.

Welcome to [1mUbuntu 16.04.7 LTS[0m!

[   13.068016] systemd[1]: Set hostname to <ubuntu>.
[   13.072289] systemd[1]: Initializing machine ID from random generator.
[   13.073962] systemd[1]: Installed transient /etc/machine-id file.
[   13.255962] systemd[1]: Listening on Journal Socket.
[[0;32m  OK  [0m] Listening on Journal Socket.
[   13.258349] systemd[1]: Reached target Encrypted Volumes.
[[0;32m  OK  [0m] Reached target Encrypted Volumes.
[   13.260865] systemd[1]: Listening on Journal Audit Socket.
[[0;32m  OK  [0m] Listening on Journal Audit Socket.
[   13.263612] systemd[1]: Listening on Journal Socket (/dev/log).
[[0;32m  OK  [0m] Listening on Journal Socket (/dev/log).
[   13.266291] systemd[1]: Started Forward Password Requests to Wall Directory Watch.
[[0;32m  OK  [0m] Started Forward Password Requests to Wall Directory Watch.
[   13.269683] systemd[1]: Listening on LVM2 poll daemon socket.
[[0;32m  OK  [0m] Listening on LVM2 poll daemon socket.
[   13.279748] systemd[1]: Reached target Swap.
[[0;32m  OK  [0m] Reached target Swap.
[   13.281649] systemd[1]: Listening on udev Kernel Socket.
[[0;32m  OK  [0m] Listening on udev Kernel Socket.
[   13.283942] systemd[1]: Created slice User and Session Slice.
[[0;32m  OK  [0m] Created slice User and Session Slice.
[   13.286267] systemd[1]: Listening on /dev/initctl Compatibility Named Pipe.
[[0;32m  OK  [0m] Listening on /dev/initctl Compatibility Named Pipe.
[   13.289220] systemd[1]: Set up automount Arbitrary Executable File Formats File System Automount Point.
[[0;32m  OK  [0m] Set up automount Arbitrary Executab...ats File System Automount Point.
[   13.292822] systemd[1]: Listening on Syslog Socket.
[[0;32m  OK  [0m] Listening on Syslog Socket.
[   13.295260] systemd[1]: Listening on udev Control Socket.
[[0;32m  OK  [0m] Listening on udev Control Socket.
[   13.297887] systemd[1]: Reached target System Time Synchronized.
[[0;32m  OK  [0m] Reached target System Time Synchronized.
[   13.300484] systemd[1]: Started Trigger resolvconf update for networkd DNS.
[[0;32m  OK  [0m] Started Trigger resolvconf update for networkd DNS.
[   13.312429] systemd[1]: Reached target User and Group Name Lookups.
[[0;32m  OK  [0m] Reached target User and Group Name Lookups.
[   13.315230] systemd[1]: Created slice System Slice.
[[0;32m  OK  [0m] Created slice System Slice.
[   13.336532] systemd[1]: Starting Load Kernel Modules...
         Starting Load Kernel Modules...
[   13.340878] systemd[1]: Starting Journal Service...
         Starting Journal Service...
[   13.344777] systemd[1]: Starting Nameserver information manager...
         Starting Nameserver information manager...
[   13.349473] Loading iSCSI transport class v2.0-870.
[   13.349985] systemd[1]: Mounting Huge Pages File System...
         Mounting Huge Pages File System...
[   13.357480] systemd[1]: Reached target Slices.
[[0;32m  OK  [0m] Reached target Slices.
[   13.361215] systemd[1]: Starting Remount Root and Kernel File Systems...
         Starting Remount Root and Kernel File Systems...
[   13.389021] systemd[1]: Created slice system-serial\x2dgetty.slice.
[[0;32m  OK  [0m] Created slice system-serial\x2dgetty.slice.
[   13.393398] EXT4-fs (sda1): re-mounted. Opts: (null)
[   13.397544] iscsi: registered transport (tcp)
[   13.401317] systemd[1]: Mounting POSIX Message Queue File System...
         Mounting POSIX Message Queue File System...
[   13.404806] systemd[1]: Starting Set console keymap...
         Starting Set console keymap...
[   13.409194] systemd[1]: Starting Create list of required static device nodes for the current kernel...
         Starting Create list of required st... nodes for the current kernel...
[   13.422539] systemd[1]: Mounting Debug File System...
         Mounting Debug File System...
[   13.432103] systemd[1]: Starting Uncomplicated firewall...
         Starting Uncomplicated firewall...
[   13.435074] systemd[1]: Listening on Device-mapper event daemon FIFOs.
[[0;32m  OK  [0m] Listening on Device-mapper event daemon FIFOs.
[   13.439499] systemd[1]: Listening on LVM2 metadata daemon socket.
[[0;32m  OK  [0m] Listening on LVM2 metadata daemon socket.
[   13.442825] systemd[1]: Starting Monitoring of LVM2 mirrors, snapshots etc. using dmeventd or progress polling...
         Starting Monitoring of LVM2 mirrors... dmeventd or progress polling...
[   13.484637] systemd[1]: Mounted Debug File System.
[[0;32m  OK  [0m] Mounted Debug File System.
[   13.488591] systemd[1]: Mounted POSIX Message Queue File System.
[[0;32m  OK  [0m] Mounted POSIX Message Queue File System.
[   13.491668] systemd[1]: Mounted Huge Pages File System.
[[0;32m  OK  [0m] Mounted Huge Pages File System.
[   13.499746] systemd[1]: Started Journal Service.
[[0;32m  OK  [0m] Started Journal Service.
[[0;32m  OK  [0m] Started Remount Root and Kernel File Systems.
[[0;32m  OK  [0m] Started Create list of required sta...ce nodes for the curre[   13.533168] iscsi: registered transport (iser)
nt kernel.
[[0;32m  OK  [0m] Started Uncomplicated firewall.
[[0;32m  OK  [0m] Started Nameserver information manager.
[[0;32m  OK  [0m] Started Load Kernel Modules.
[[0;32m  OK  [0m] Started LVM2 metadata daemon.
         Starting Apply Kernel Variables...
         Mounting FUSE Control File System...
         Starting Create Static Device Nodes in /dev...
         Starting udev Coldplug all Devices...
         Starting Load/Save Random Seed...
         Starting Flush Journal to Persistent Storage...
[[0;32m  OK  [0m] Mounted FUSE Control File System.
[[0;32m  OK  [0m] Started Set console keymap.
[[0;32m  OK  [0m] Started Load/Save Random Seed.
[   13.616115] systemd-journald[373]: Received request to flush runtime journal from PID 1
[[0;32m  OK  [0m] Started Apply Kernel Variables.
[[0;32m  OK  [0m] Started Create Static Device Nodes in /dev.
[[0;32m  OK  [0m] Started Flush Journal to Persistent Storage.
         Starting udev Kernel Device Manager...
[[0;32m  OK  [0m] Started udev Kernel Device Manager.
[[0;32m  OK  [0m] Started udev Coldplug all Devices.
[[0;32m  OK  [0m] Started Dispatch Password Requests to Console Directory Watch.
[[0;32m  OK  [0m] Started Monitoring of LVM2 mirrors,...ng dmeventd or progress polling.
[[0;32m  OK  [0m] Reached target Local File Systems (Pre).
[[0;32m  OK  [0m] Reached target Local File Systems.
         Starting Create Volatile Files and Directories...
         Starting Initial cloud-init job (pre-networking)...
         Starting Tell Plymouth To Write Out Runtime Data...
         Starting Commit a transient machine-id on disk...
         Starting Set console font and keymap...
         Starting LSB: AppArmor initialization...
[[0;32m  OK  [0m] Started Create Volatile Files and Directories.
[[0;32m  OK  [0m] Started Tell Plymouth To Write Out Runtime Data.
[[0;32m  OK  [0m] Found device /dev/ttyS0.
         Starting Update UTMP about System Boot/Shutdown...
[[0;32m  OK  [0m] Started Commit a transient machine-id on disk.
[[0;32m  OK  [0m] Started Update UTMP about System Boot/Shutdown.
[[0;32m  OK  [0m] Listening on Load/Save RF Kill Switch Status /dev/rfkill Watch.
[   16.629614] cloud-init[494]: Cloud-init v. 20.3-2-g371b392c-0ubuntu1~16.04.1 running 'init-local' at Tue, 01 Dec 2020 10:16:17 +0000. Up 15.95 seconds.
[[0;32m  OK  [0m] Started Initial cloud-init job (pre-networking).
[[0;32m  OK  [0m] Reached target Network (Pre).
[[0;32m  OK  [0m] Started LSB: AppArmor initialization.
         Starting Load AppArmor profiles managed internally by snapd...
         Starting Raise network interfaces...
[[0;32m  OK  [0m] Started Load AppArmor profiles managed internally by snapd.
[[0;32m  OK  [0m] Started Set console font and keymap.
[[0;32m  OK  [0m] Created slice system-getty.slice.
[[0;32m  OK  [0m] Started Raise network interfaces.
         Starting Initial cloud-init job (metadata service crawler)...
[[0;32m  OK  [0m] Reached target Network.
[   19.692000] cloud-init[959]: Cloud-init v. 20.3-2-g371b392c-0ubuntu1~16.04.1 running 'init' at Tue, 01 Dec 2020 10:16:19 +0000. Up 18.67 seconds.
[   19.694755] cloud-init[959]: ci-info: ++++++++++++++++++++++++++++++++++++++Net device info++++++++++++++++++++++++++++++++++++++
[   19.704400] cloud-init[959]: ci-info: +--------+------+----------------------------+---------------+--------+-------------------+
[   19.713136] cloud-init[959]: ci-info: | Device |  Up  |          Address           |      Mask     | Scope  |     Hw-Address    |
[   19.714990] cloud-init[959]: ci-info: +--------+------+----------------------------+---------------+--------+-------------------+
[   19.717082] cloud-init[959]: ci-info: | enp0s3 | True |         10.0.2.15          | 255.255.255.0 | global | 02:c6:19:c6:a2:a5 |
[   19.724831] cloud-init[959]: ci-info: | enp0s3 | True | fe80::c6:19ff:fec6:a2a5/64 |       .       |  link  | 02:c6:19:c6:a2:a5 |
[   19.727015] cloud-init[959]: ci-info: |   lo   | True |         127.0.0.1          |   255.0.0.0   |  host  |         .         |
[   19.736750] cloud-init[959]: ci-info: |   lo   | True |          ::1/128           |       .       |  host  |         .         |
[   19.738498] cloud-init[959]: ci-info: +--------+------+----------------------------+---------------+--------+-------------------+
[   19.740315] cloud-init[959]: ci-info: +++++++++++++++++++++++++++Route IPv4 info++++++++++++++++++++++++++++
[   19.749195] cloud-init[959]: ci-info: +-------+-------------+----------+---------------+-----------+-------+
[   19.750853] cloud-init[959]: ci-info: | Route | Destination | Gateway  |    Genmask    | Interface | Flags |
[   19.752954] cloud-init[959]: ci-info: +-------+-------------+----------+---------------+-----------+-------+
[   19.754462] cloud-init[959]: ci-info: |   0   |   0.0.0.0   | 10.0.2.2 |    0.0.0.0    |   enp0s3  |   UG  |
[   19.772901] cloud-init[959]: ci-info: |   1   |   10.0.2.0  | 0.0.0.0  | 255.255.255.0 |   enp0s3  |   U   |
[   19.775223] cloud-init[959]: ci-info: +-------+-------------+----------+---------------+-----------+-------+
[   19.777478] cloud-init[959]: ci-info: +++++++++++++++++++Route IPv6 info+++++++++++++++++++
[   19.779398] cloud-init[959]: ci-info: +-------+-------------+---------+-----------+-------+
[   19.781348] cloud-init[959]: ci-info: | Route | Destination | Gateway | Interface | Flags |
[   19.783292] cloud-init[959]: ci-info: +-------+-------------+---------+-----------+-------+
[   19.785296] cloud-init[959]: ci-info: |   0   |  fe80::/64  |    ::   |   enp0s3  |   U   |
[   19.787255] cloud-init[959]: ci-info: |   3   |   ff00::/8  |    ::   |   enp0s3  |   U   |
[   19.789195] cloud-init[959]: ci-info: +-------+-------------+---------+-----------+-------+
[   19.791166] cloud-init[959]: Generating public/private rsa key pair.
[   19.792980] cloud-init[959]: Your identification has been saved in /etc/ssh/ssh_host_rsa_key.
[[0;32m  OK  [0m] Started Initial cloud-init job (metadata service crawler).
[[0;32m  OK  [0m] Reached target System Initialization.
[[0;32m  OK  [0m] Listening on UUID daemon activation socket.
[   19.796342] cloud-init[959]: Your public key has been saved in /etc/ssh/ssh_host_rsa_key.pub.
[   19.802940]          Starting LXD - unix socket.
[[0;32m  OK  [0m] Started Daily apt download activities.
[[0;32m  OK  [0m] Started Daily apt upgrade and clean activities.
[[0;32m  OK  [0m] Started Message of the Day.
[[0;32m  OK  [0m] Started Daily Cleanup of Temporary Directories.
cloud-init[959]: The key fingerprint is:
[   19.809350] [[0;32m  OK  [0m] Reached target Timers.
[[0;32m  OK  [0m] Listening on D-Bus System Message Bus Socket.
         Starting Socket activation for snappy daemon.
cloud-init[959]: SHA256:3/+5WtoOfa0np9HbE/9GBXkTIhY4TZRWB8DWR/2kKFI root@ubuntu-xenial
[   19.814842] [[0;32m  OK  [0m] Started ACPI Events Check.
[[0;32m  OK  [0m] Reached target Paths.
[[0;32m  OK  [0m] Listening on ACPID Listen Socket.
[[0;32m  OK  [0m] Reached target Network is Online.
cloud-init[959]: The key's randomart image is:
[   19.818918] cloud-init[959]: +---[RSA 2048]----+
[   19.825300] cloud-init[959]: |          *B*+o=o|
[   19.832890]          Starting iSCSI initiator daemon (iscsid)...
[[0;32m  OK  [0m] Reached target Cloud-config availability.
[[0;32m  OK  [0m] Listening on LXD - unix socket.
[[0;32m  OK  [0m] Listening on Socket activation for snappy daemon.
cloud-init[959]: |         oE*..=o+|
[   19.836448] cloud-init[959]: |         .+  ..=o|
[   19.840343] [[0;32m  OK  [0m] Reached target Sockets.
[[0;32m  OK  [0m] Reached target Basic System.
cloud-init[959]: |        . . . . o|
[   19.842972] [[0;32m  OK  [0m] Started Regular background program processing daemon.
cloud-init[959]: [|        S. .    .|[0;32m  OK  [0m
] Started Deferred execution scheduler.
[   19.845801] cloud-init[959]: |         . .  .oo|
[[0;32m  OK  [0m] Started D-Bus System Message Bus.
[   19.851731] cloud-init[959]: |          . ...+*|
[   19.864333] cloud-init[959]: |             .*+X|
[   19.872695] cloud-init[959]: |             o*&B|
[   19.880285] cloud-init[959]: +----[SHA256]-----+
[   19.888829] cloud-init[959]: Generating public/private dsa key pair.
[   19.889983] cloud-init[959]: Your identification has been saved in /etc/ssh/ssh_host_dsa_key.
[   19.897164]          cloud-initStarting LXD - container startup/shutdown...[959]: 
Your public key has been saved in /etc/ssh/ssh_host_dsa_key.pub.
         Starting Accounts Service...
         Starting LSB: Record successful boot for GRUB...
         Starting Virtualbox guest utils...
         Starting System Logging Service...
[[0;32m  OK  [0m] Started FUSE filesystem for LXC.
         Starting LSB: MD monitoring daemon...
         Starting /etc/rc.local Compatibility...
[   19.901410] cloud-init[959]: The key fingerprint is:
         Starting Snap Daemon...
[   19.914361] cloud-init[959]: SHA256:4Iifov1rFjz/mFOvl+LpwnNUOwToXG1VynAfvMjwSXk root@ubuntu-xenial
         Starting Pollinate to seed the pseudo random number generator...
         Starting Login Service...
[[0;32m  OK  [0m] Started ACPI event daemon.
[[0;32m  OK  [0m] Started /etc/rc.local Compatibility.
[[0;32m  OK  [0m] Started iSCSI initiator daemon (iscsid).
[   19.952406] cloud-init[959]: The key's randomart image is:
         Starting Login to default iSCSI targets...
[   19.961434] cloud-init[959]: +---[DSA 1024]----+
[   19.998774] cloud-init[959]: |       . ...o+o  |
[   20.000843] cloud-init[959]: |      . o ++ooE. |
[   20.002347] cloud-init[959]: |     o.. o =o+.. |
[   20.014565] cloud-init[959]: |   . oo.  o = .  |
[[0;32m  OK  [0m] Started Login Service.
[   20.022387] cloud-init[959]: |  ... . So .     |
[   20.048785] cloud-init[959]: |   .+.  o o      |
[   20.051202] cloud-init[959]: [[0;32m  OK  [0m] Started Unattended Upgrades Shutdown.
[[0;32m  OK  [0m] Started LSB: Record successful boot for GRUB.
[[0;32m  OK  [0m] Started System Logging Service.
         Starting Authenticate and Authorize Users to Run Privileged Tasks...
|  . o= o . o     |
[   20.093694] cloud-init[959]: | o .o *oo.+      |
[   20.105840] [[0;32m  OK  [0m] Started Login to default iSCSI targets.
[[0;32m  OK  [0m] Reached target Remote File Systems (Pre).
[[0;32m  OK  [0m] Reached target Remote File Systems.
cloud-init[959]: |. .+o.oO*+       |
[   20.118064] cloud-init[959]: +----[SHA256]-----+
         Starting LSB: daemon to balance interrupts for SMP systems...
[   20.121397] cloud-init[959]: Generating public/private ecdsa key pair.
[   20.134011]          Starting LSB: automatic crash report generation...
cloud-init[959]: Your identification has been saved in /etc/ssh/ssh_host_ecdsa_key.
         Starting LSB: Set the CPU Frequency Scaling governor to "ondemand"...
         Starting Permit User Sessions...
[[0;32m  OK  [0m] Started LSB: MD monitoring daemon.
[[0;32m  OK  [0m] Started Permit User Sessions.
         Starting Terminate Plymouth Boot Screen...
         Starting Hold until boot process finishes up...
[[0;32m  OK  [0m] Started Hold until boot process finishes up.
         Starting Set console scheme...
[[0;32m  OK  [0m] Started Getty on tty1.
[[0;32m  OK  [0m] Started Serial Getty on ttyS0.
[[0;32m  OK  [0m] Reached target Login Prompts.
[[0;32m  OK  [0m] Started Terminate Plymouth Boot Screen.
[[0;32m  OK  [0m] Started Set console scheme.
[   20.178101] cloud-init[959]: Your public key has been saved in /etc/ssh/ssh_host_ecdsa_key.pub.[[0;32m  OK  [0m] Started LSB: Set the CPU Frequency Scaling governor to "ondemand".

[   20.213628] cloud-init[959]: The key fingerprint is:
[   20.215657] cloud-init[959]: SHA256:1EWN4JJtwiKSuIOhZTgpOQjS11oGZvFLlNINS+VSzmI root@ubuntu-xenial
[   20.224641] cloud-init[959]: The key's randomart image is:
[   20.229254] cloud-init[959]: +---[ECDSA 256]---+
[   20.235158] cloud-init[959]: |o.  ==+=o .ooo   |
[   20.255925] [[0;32m  OK  [0m] Started Authenticate and Authorize Users to Run Privileged Tasks.
cloud-init[[0;32m  OK  [0m] Started LXD - container startup/shutdown.
[[0;32m  OK  [0m] Started Accounts Service.
[959]: |+=.+o+*B.= .. .  |
[   20.264820] cloud-init[959]: |@ =..=E X =      |
[   20.272987] [[0;32m  OK  [0m] Started LSB: automatic crash report generation.
cloud-init[959]: |+B ..+ * +       |
[   20.275471] cloud-init[959]: |=     . S        |
[   20.277095] cloud-init[959]: | .               |
[   20.279361] cloud-init[959]: |                 |[[0;32m  OK  [0m] Started LSB: daemon to balance interrupts for SMP systems.

[   20.289822] cloud-init[959]: |                 |
[   20.291433] cloud-init[959]: |                 |
[   20.294596] cloud-init[959]: +----[SHA256]-----+
[   20.305154] cloud-init[959]: Generating public/private ed25519 key pair.
[[0;32m  OK  [0m] Started Virtualbox guest utils.
[   20.314279] cloud-init[959]: Your identification has been saved in /etc/ssh/ssh_host_ed25519_key.
[   20.328451] cloud-init[959]: Your public key has been saved in /etc/ssh/ssh_host_ed25519_key.pub.
[   20.331183] cloud-init[959]: The key fingerprint is:
[   20.336087] cloud-init[959]: SHA256:xvB2zErmJpDMSLAgwMt3hSFGCIRZazoBcRLsfDu8a3A root@ubuntu-xenial
[   20.338391] cloud-init[959]: The key's randomart image is:
[   20.348339] cloud-init[959]: +--[ED25519 256]--+
[   20.360778] cloud-init[959]: |^*=+ .o          |
[   20.368576] cloud-init[959]: |*O.... .         |
[   20.376732] cloud-init[959]: |* =   o          |
[   20.378599] cloud-init[959]: | X * o + o       |
[   20.380242] cloud-init[959]: |o = B   S +      |
[   20.382881] cloud-init[959]: | o E . * o       |
[   20.384470] cloud-init[959]: |  o o . +        |
[   20.397244] cloud-init[959]: |   o   o         |
[   20.402161] cloud-init[959]: |  ...            |
[   20.408701] cloud-init[959]: +----[SHA256]-----+
[[0;32m  OK  [0m] Started Snap Daemon.
         Starting Wait until snapd is fully seeded...
[[0;32m  OK  [0m] Started Pollinate to seed the pseudo random number generator.
         Starting OpenBSD Secure Shell server...
[[0;32m  OK  [0m] Started OpenBSD Secure Shell server.
[[0;32m  OK  [0m] Created slice User Slice of vagrant.
         Starting User Manager for UID 1000...
[[0;32m  OK  [0m] Started Session 1 of user vagrant.
[[0;32m  OK  [0m] Started User Manager for UID 1000.
[[0;32m  OK  [0m] Started Wait until snapd is fully seeded.
         Starting Apply the settings specified in cloud-config...
[[0;32m  OK  [0m] Reached target Multi-User System.
[[0;32m  OK  [0m] Reached target Graphical Interface.
         Starting Update UTMP about System Runlevel Changes...
[[0;32m  OK  [0m] Started Update UTMP about System Runlevel Changes.
[   24.421743] cloud-init[1421]: Generating locales (this might take a while)...
[   25.741805] cloud-init[1421]:   en_US.UTF-8... done
[   25.743675] cloud-init[1421]: Generation complete.
[   26.124968] cloud-init[1421]: Cloud-init v. 20.3-2-g371b392c-0ubuntu1~16.04.1 running 'modules:config' at Tue, 01 Dec 2020 10:16:25 +0000. Up 24.24 seconds.

Ubuntu 16.04.7 LTS ubuntu-xenial ttyS0

ubuntu-xenial login: ci-info: no authorized SSH keys fingerprints found for user ubuntu.
<14>Dec  1 10:16:27 ec2: 
<14>Dec  1 10:16:27 ec2: #############################################################
<14>Dec  1 10:16:27 ec2: -----BEGIN SSH HOST KEY FINGERPRINTS-----
<14>Dec  1 10:16:27 ec2: 1024 SHA256:4Iifov1rFjz/mFOvl+LpwnNUOwToXG1VynAfvMjwSXk root@ubuntu-xenial (DSA)
<14>Dec  1 10:16:27 ec2: 256 SHA256:1EWN4JJtwiKSuIOhZTgpOQjS11oGZvFLlNINS+VSzmI root@ubuntu-xenial (ECDSA)
<14>Dec  1 10:16:27 ec2: 256 SHA256:xvB2zErmJpDMSLAgwMt3hSFGCIRZazoBcRLsfDu8a3A root@ubuntu-xenial (ED25519)
<14>Dec  1 10:16:27 ec2: 2048 SHA256:3/+5WtoOfa0np9HbE/9GBXkTIhY4TZRWB8DWR/2kKFI root@ubuntu-xenial (RSA)
<14>Dec  1 10:16:27 ec2: -----END SSH HOST KEY FINGERPRINTS-----
<14>Dec  1 10:16:27 ec2: #############################################################
-----BEGIN SSH HOST KEY KEYS-----
ecdsa-sha2-nistp256 AAAAE2VjZHNhLXNoYTItbmlzdHAyNTYAAAAIbmlzdHAyNTYAAABBBCkddc1xGTbLnHjL3qyPKxcxgZN7e4/yLd3tKqH/D7DzPq8PZdRV4+CXUei5k1csonZTxOaGemi2VskrWrvHjDo= root@ubuntu-xenial
ssh-ed25519 AAAAC3NzaC1lZDI1NTE5AAAAIG/4yQXrcRRIX6BU/SjSnfZkpifMUuDW7M1hTdiBTbBK root@ubuntu-xenial
ssh-rsa AAAAB3NzaC1yc2EAAAADAQABAAABAQDRNMMQFMUEGPP3EHwlDcqPYsv0actroa8p5a72XI8NxNMMrGtrC0D7pqnEdxbqJlfUwA7p0bNQPho0pqpS8Vnii/AjjhYVHfFY1FSXWy/D1X6AzLONejsiZ4UJxVSiRdFyVq9zle4M5+qbp/58OQi03QUGN258qSSVtKflfDK4oMTzHMbTvRqg+rpWU6eMCnTblYmp9updErgue0cbMtUq6ZdIR7h0/L+XjCH9nmHUOrZiDLk5cyHjeUgxvRxz3njI+O886jP7Ks0LQ+cknovh8zcK09QMJMEiib+NBxuMFFqzKVVyxdsaPkUr5rgFnogc6ez49F9WTiDqWufbVA1r root@ubuntu-xenial
-----END SSH HOST KEY KEYS-----
[   26.888968] cloud-init[1575]: Cloud-init v. 20.3-2-g371b392c-0ubuntu1~16.04.1 running 'modules:final' at Tue, 01 Dec 2020 10:16:27 +0000. Up 26.63 seconds.
[   26.891724] cloud-init[1575]: ci-info: no authorized SSH keys fingerprints found for user ubuntu.
[   26.893144] cloud-init[1575]: Cloud-init v. 20.3-2-g371b392c-0ubuntu1~16.04.1 finished at Tue, 01 Dec 2020 10:16:28 +0000. Datasource DataSourceNoCloud [seed=/dev/sdb][dsmode=net].  Up 26.87 seconds
